---
source: crates/sloplint_linter/src/rules/cohesion/mod.rs
expression: rendered
---
12:7 SLP120 [warning] class `Utils` has low cohesion: its methods split into 2 unrelated groups (LCOM4=2) — consider splitting it
30:7 SLP120 [warning] class `FrozenUtils` has low cohesion: its methods split into 2 unrelated groups (LCOM4=2) — consider splitting it
