---
source: crates/sloplint_metrics/src/test_proxies.rs
expression: out
---
counts.py (is_test=true): FileTestStats { is_test: true, loc: 24, test_functions: 3, assertion_free_tests: 0, assertions: 5, production_functions: 0, functions_with_doctest: 0, doctest_examples: 0 }
production_lookalike.py (is_test=false): FileTestStats { is_test: false, loc: 4, test_functions: 0, assertion_free_tests: 0, assertions: 0, production_functions: 1, functions_with_doctest: 0, doctest_examples: 0 }
mock_lookalikes.py (is_test=true): FileTestStats { is_test: true, loc: 5, test_functions: 1, assertion_free_tests: 0, assertions: 1, production_functions: 0, functions_with_doctest: 0, doctest_examples: 0 }
self_fail.py (is_test=true): FileTestStats { is_test: true, loc: 4, test_functions: 1, assertion_free_tests: 0, assertions: 1, production_functions: 0, functions_with_doctest: 0, doctest_examples: 0 }
assertion_free.py (is_test=true): FileTestStats { is_test: true, loc: 21, test_functions: 4, assertion_free_tests: 2, assertions: 2, production_functions: 0, functions_with_doctest: 0, doctest_examples: 0 }
local_helper.py (is_test=true): FileTestStats { is_test: true, loc: 6, test_functions: 1, assertion_free_tests: 0, assertions: 1, production_functions: 0, functions_with_doctest: 0, doctest_examples: 0 }
unittest_methods.py (is_test=true): FileTestStats { is_test: true, loc: 8, test_functions: 2, assertion_free_tests: 1, assertions: 1, production_functions: 0, functions_with_doctest: 0, doctest_examples: 0 }
doctested.py (is_test=false): FileTestStats { is_test: false, loc: 37, test_functions: 0, assertion_free_tests: 0, assertions: 0, production_functions: 4, functions_with_doctest: 2, doctest_examples: 4 }
