---
source: crates/sloplint_linter/src/rules/comments/mod.rs
expression: rendered
---
4:8 SLP004 [error] deferral/incompleteness language in a comment ("for now") — signals a corner was cut, not finished work
5:8 SLP004 [error] deferral/incompleteness language in a comment ("in production this would") — signals a corner was cut, not finished work
6:8 SLP004 [error] deferral/incompleteness language in a comment ("placeholder until") — signals a corner was cut, not finished work
8:8 SLP004 [warning] hedging/uncertainty language in a comment ("should work")
9:8 SLP004 [warning] hedging/uncertainty language in a comment ("probably")
11:1 SLP004 [warning] step-narration comment (`Step N:` / `Phase N`) — narrating the code, not documenting it
12:1 SLP004 [warning] step-narration comment (`Step N:` / `Phase N`) — narrating the code, not documenting it
13:1 SLP004 [warning] ASCII section-divider comment — structural noise
14:1 SLP004 [warning] narrator comment ("this function…") — describes what the code is, not why
